============================================================
  Generated by:           Genus(TM) Synthesis Solution 22.16-s078_1
  Generated on:           Mar 18 2026  08:00:06 pm
  Module:                 RISC_V
  Operating conditions:   PVT_1P32V_0C (balanced_tree)
  Wireload mode:          enclosed
  Area mode:              timing library
============================================================

                                 
   Gate    Instances     Area        Library    
------------------------------------------------
ADDFX1            62     318.060    fast_vdd1v2 
AND2X1           122     166.896    fast_vdd1v2 
AND2X2            13      22.230    fast_vdd1v2 
AND2X6             4      15.048    fast_vdd1v2 
AND2XL            29      39.672    fast_vdd1v2 
AND3XL             2       4.104    fast_vdd1v2 
AO21X1             4       9.576    fast_vdd1v2 
AO22X1             4      10.944    fast_vdd1v2 
AO22XL            47     128.592    fast_vdd1v2 
AOI211XL          23      47.196    fast_vdd1v2 
AOI21X1           29      49.590    fast_vdd1v2 
AOI21XL          162     277.020    fast_vdd1v2 
AOI221X1         957    2291.058    fast_vdd1v2 
AOI222X1        8417   25907.526    fast_vdd1v2 
AOI22X1          339     695.628    fast_vdd1v2 
AOI22XL         7878   16165.656    fast_vdd1v2 
AOI2BB1X1          2       4.104    fast_vdd1v2 
AOI2BB1XL         28      57.456    fast_vdd1v2 
AOI31X1           54     110.808    fast_vdd1v2 
AOI32X1            3       7.182    fast_vdd1v2 
BUFX12             7      35.910    fast_vdd1v2 
BUFX3            489    1003.428    fast_vdd1v2 
BUFX6            160     492.480    fast_vdd1v2 
BUFX8             10      37.620    fast_vdd1v2 
CLKBUFX2         324     554.040    fast_vdd1v2 
CLKBUFX3         210     430.920    fast_vdd1v2 
CLKINVX1         524     537.624    fast_vdd1v2 
CLKINVX12         17      69.768    fast_vdd1v2 
CLKINVX2        1971    2696.328    fast_vdd1v2 
CLKINVX20          1       6.498    fast_vdd1v2 
CLKINVX3         123     210.330    fast_vdd1v2 
CLKINVX4         278     475.380    fast_vdd1v2 
CLKINVX6          77     184.338    fast_vdd1v2 
CLKINVX8          29      89.262    fast_vdd1v2 
DFFRHQX1        8224   50626.944    fast_vdd1v2 
INVX1           1293     884.412    fast_vdd1v2 
INVX2             42      43.092    fast_vdd1v2 
INVX3             14      19.152    fast_vdd1v2 
INVXL            764     522.576    fast_vdd1v2 
MX2X1              8      19.152    fast_vdd1v2 
MX2XL             14      33.516    fast_vdd1v2 
MXI2XL            37      88.578    fast_vdd1v2 
NAND2BX1          62      84.816    fast_vdd1v2 
NAND2BXL          21      28.728    fast_vdd1v2 
NAND2X1         2623    2691.198    fast_vdd1v2 
NAND2XL         1295    1328.670    fast_vdd1v2 
NAND3BX1           1       2.052    fast_vdd1v2 
NAND3BXL          16      27.360    fast_vdd1v2 
NAND3X1           11      18.810    fast_vdd1v2 
NAND3XL           67     114.570    fast_vdd1v2 
NAND4BX1           1       2.394    fast_vdd1v2 
NAND4XL         1722    2944.620    fast_vdd1v2 
NOR2BX1          108     147.744    fast_vdd1v2 
NOR2X1          2556    2622.456    fast_vdd1v2 
NOR2X2            12      20.520    fast_vdd1v2 
NOR2XL            58      59.508    fast_vdd1v2 
NOR3BX1            2       4.104    fast_vdd1v2 
NOR3BXL            1       2.052    fast_vdd1v2 
NOR3X1             7      11.970    fast_vdd1v2 
NOR3XL             2       3.420    fast_vdd1v2 
NOR4BX1            3       7.182    fast_vdd1v2 
NOR4X1           293     501.030    fast_vdd1v2 
OA21X1             2       4.104    fast_vdd1v2 
OA22X1            44     105.336    fast_vdd1v2 
OAI211X1         948    1621.080    fast_vdd1v2 
OAI21X1           32      54.720    fast_vdd1v2 
OAI21XL           26      44.460    fast_vdd1v2 
OAI221X1        7415   17751.510    fast_vdd1v2 
OAI222X1         114     311.904    fast_vdd1v2 
OAI222XL          97     265.392    fast_vdd1v2 
OAI22X1           65     133.380    fast_vdd1v2 
OAI22XL           65     133.380    fast_vdd1v2 
OAI2BB1X1        676    1155.960    fast_vdd1v2 
OAI31X1            5      10.260    fast_vdd1v2 
OAI32X1            4       9.576    fast_vdd1v2 
OR2X1             80     109.440    fast_vdd1v2 
OR2XL             12      16.416    fast_vdd1v2 
OR3X1              1       2.052    fast_vdd1v2 
OR3XL              1       2.052    fast_vdd1v2 
OR4X1             73     149.796    fast_vdd1v2 
SDFFRHQX1        992    8142.336    fast_vdd1v2 
TLATNXL           50     273.600    fast_vdd1v2 
TLATX1             7      38.304    fast_vdd1v2 
XNOR2X1            5      11.970    fast_vdd1v2 
------------------------------------------------
total          52370  146359.926                


                                           
     Type      Instances    Area    Area % 
-------------------------------------------
sequential          9273  59081.184   40.4 
inverter            5133   5738.760    3.9 
buffer              1200   2554.398    1.7 
logic              36764  78985.584   54.0 
physical_cells         0      0.000    0.0 
-------------------------------------------
total              52370 146359.926  100.0 

