============================================================
  Generated by:           Genus(TM) Synthesis Solution 22.16-s078_1
  Generated on:           Mar 18 2026  07:52:15 pm
  Module:                 RISC_V
  Operating conditions:   PVT_1P32V_0C (balanced_tree)
  Wireload mode:          enclosed
  Area mode:              timing library
============================================================


Path 1: MET (2281 ps) Setup Check with Pin registers_reg_cell_reg[31][9]/CK->SI
          Group: clk
     Startpoint: (R) program_counter_addr_out_reg[2]/CK
          Clock: (R) clk
       Endpoint: (F) registers_reg_cell_reg[31][9]/SI
          Clock: (R) clk

                     Capture       Launch     
        Clock Edge:+    5000            0     
       Src Latency:+       0            0     
       Net Latency:+       0 (I)        0 (I) 
           Arrival:=    5000            0     
                                              
             Setup:-      -4                  
       Uncertainty:-     200                  
     Required Time:=    4804                  
      Launch Clock:-       0                  
         Data Path:-    2523                  
             Slack:=    2281                  

#------------------------------------------------------------------------------------------------------------------------------------------------------------------------------------------------
#                                                     Timing Point                                                       Flags    Arc   Edge   Cell     Fanout Load Trans Delay Arrival Instance 
#                                                                                                                                                              (fF)  (ps)  (ps)   (ps)  Location 
#------------------------------------------------------------------------------------------------------------------------------------------------------------------------------------------------
  program_counter_addr_out_reg[2]/CK                                                                                     -       -      R     (arrival)   9216    -   500     0       0    (-,-) 
  program_counter_addr_out_reg[2]/Q                                                                                      -       CK->Q  R     DFFRHQX1      11  5.1    31   110     110    (-,-) 
  g3027/Y                                                                                                                -       B->Y   F     NAND2BX1       4  1.3    21    20     129    (-,-) 
  g2997/Y                                                                                                                -       AN->Y  F     NAND2BX1      16  7.4    76    54     184    (-,-) 
  g2903/Y                                                                                                                -       B->Y   R     NOR2X1        32  9.6   111    77     260    (-,-) 
  g30796/Y                                                                                                               -       A1->Y  F     AOI22XL        1  0.3    34    45     305    (-,-) 
  g37908/Y                                                                                                               -       A->Y   R     NAND4XL        1  0.5    19    19     325    (-,-) 
  g27524/Y                                                                                                               -       C->Y   F     NOR4X1         1  0.3    14    11     336    (-,-) 
  g27362/Y                                                                                                               -       C->Y   R     NAND4XL        1  0.3    14    11     347    (-,-) 
  g27328/Y                                                                                                               -       A->Y   R     OR2X1         13  4.6    28    28     375    (-,-) 
  g20001/Y                                                                                                               -       AN->Y  R     NAND2BX1       4  1.8    16    20     394    (-,-) 
  g19993/Y                                                                                                               -       B->Y   F     NOR2X1         3  0.9    13    10     404    (-,-) 
  g19948/Y                                                                                                               -       AN->Y  F     NOR2BX1        6  2.6    18    22     426    (-,-) 
  g19816/Y                                                                                                               -       B1->Y  R     AOI222X1       1  0.5    35    30     456    (-,-) 
  g19797/Y                                                                                                               -       C0->Y  F     OAI211X1       1  0.4    25    25     482    (-,-) 
  g19794/Y                                                                                                               -       C0->Y  R     AOI221X1       1  0.3    26    22     504    (-,-) 
  g19793/Y                                                                                                               -       C->Y   F     NAND3BXL       1  0.4    21    20     523    (-,-) 
  g19792/Y                                                                                                               -       B0->Y  R     AOI21X1        2  0.8    18    17     540    (-,-) 
  g19791/Y                                                                                                               -       AN->Y  R     NOR3BX1        1  0.5    19    26     566    (-,-) 
  g19790/Y                                                                                                               -       B->Y   F     NAND2X1       11  4.3    46    32     598    (-,-) 
  g19789/Y                                                                                                               -       A->Y   R     INVX1          1  0.3    11    14     612    (-,-) 
  g19781/Y                                                                                                               -       B0->Y  F     OAI21XL        1  0.3    14    14     625    (-,-) 
  g37541/Y                                                                                                               -       A->Y   F     CLKBUFX2      34 11.6    35    35     660    (-,-) 
  SUB_TC_OP_6_Y_SUB_TC_OP_5_Y_SUB_TC_OP_4_Y_SUB_TC_OP_3_Y_SUB_TC_OP_2_Y_SUB_TC_OP_1_Y_SUB_TC_OP40_Y_ADD_TC_OP39_g2796/Y  -       A->Y   F     MX2XL          1  0.8     9    28     688    (-,-) 
  SUB_TC_OP_6_Y_SUB_TC_OP_5_Y_SUB_TC_OP_4_Y_SUB_TC_OP_3_Y_SUB_TC_OP_2_Y_SUB_TC_OP_1_Y_SUB_TC_OP40_Y_ADD_TC_OP39_g2779/CO -       CI->CO F     ADDFX1         1  0.8    10    33     721    (-,-) 
  SUB_TC_OP_6_Y_SUB_TC_OP_5_Y_SUB_TC_OP_4_Y_SUB_TC_OP_3_Y_SUB_TC_OP_2_Y_SUB_TC_OP_1_Y_SUB_TC_OP40_Y_ADD_TC_OP39_g2778/CO -       CI->CO F     ADDFX1         1  0.8    10    33     754    (-,-) 
  SUB_TC_OP_6_Y_SUB_TC_OP_5_Y_SUB_TC_OP_4_Y_SUB_TC_OP_3_Y_SUB_TC_OP_2_Y_SUB_TC_OP_1_Y_SUB_TC_OP40_Y_ADD_TC_OP39_g2777/CO -       CI->CO F     ADDFX1         1  0.8    10    33     786    (-,-) 
  SUB_TC_OP_6_Y_SUB_TC_OP_5_Y_SUB_TC_OP_4_Y_SUB_TC_OP_3_Y_SUB_TC_OP_2_Y_SUB_TC_OP_1_Y_SUB_TC_OP40_Y_ADD_TC_OP39_g2776/CO -       CI->CO F     ADDFX1         1  0.8    10    33     819    (-,-) 
  SUB_TC_OP_6_Y_SUB_TC_OP_5_Y_SUB_TC_OP_4_Y_SUB_TC_OP_3_Y_SUB_TC_OP_2_Y_SUB_TC_OP_1_Y_SUB_TC_OP40_Y_ADD_TC_OP39_g2775/CO -       CI->CO F     ADDFX1         1  0.8    10    33     852    (-,-) 
  SUB_TC_OP_6_Y_SUB_TC_OP_5_Y_SUB_TC_OP_4_Y_SUB_TC_OP_3_Y_SUB_TC_OP_2_Y_SUB_TC_OP_1_Y_SUB_TC_OP40_Y_ADD_TC_OP39_g2774/CO -       CI->CO F     ADDFX1         1  0.8    10    33     885    (-,-) 
  SUB_TC_OP_6_Y_SUB_TC_OP_5_Y_SUB_TC_OP_4_Y_SUB_TC_OP_3_Y_SUB_TC_OP_2_Y_SUB_TC_OP_1_Y_SUB_TC_OP40_Y_ADD_TC_OP39_g2773/CO -       CI->CO F     ADDFX1         1  0.8    10    33     918    (-,-) 
  SUB_TC_OP_6_Y_SUB_TC_OP_5_Y_SUB_TC_OP_4_Y_SUB_TC_OP_3_Y_SUB_TC_OP_2_Y_SUB_TC_OP_1_Y_SUB_TC_OP40_Y_ADD_TC_OP39_g2772/CO -       CI->CO F     ADDFX1         1  0.8    10    33     950    (-,-) 
  SUB_TC_OP_6_Y_SUB_TC_OP_5_Y_SUB_TC_OP_4_Y_SUB_TC_OP_3_Y_SUB_TC_OP_2_Y_SUB_TC_OP_1_Y_SUB_TC_OP40_Y_ADD_TC_OP39_g2771/CO -       CI->CO F     ADDFX1         1  0.8    10    33     983    (-,-) 
  SUB_TC_OP_6_Y_SUB_TC_OP_5_Y_SUB_TC_OP_4_Y_SUB_TC_OP_3_Y_SUB_TC_OP_2_Y_SUB_TC_OP_1_Y_SUB_TC_OP40_Y_ADD_TC_OP39_g2770/CO -       CI->CO F     ADDFX1         1  0.8    10    33    1016    (-,-) 
  SUB_TC_OP_6_Y_SUB_TC_OP_5_Y_SUB_TC_OP_4_Y_SUB_TC_OP_3_Y_SUB_TC_OP_2_Y_SUB_TC_OP_1_Y_SUB_TC_OP40_Y_ADD_TC_OP39_g2769/CO -       CI->CO F     ADDFX1         1  0.8    10    33    1049    (-,-) 
  SUB_TC_OP_6_Y_SUB_TC_OP_5_Y_SUB_TC_OP_4_Y_SUB_TC_OP_3_Y_SUB_TC_OP_2_Y_SUB_TC_OP_1_Y_SUB_TC_OP40_Y_ADD_TC_OP39_g2768/CO -       CI->CO F     ADDFX1         1  0.8    10    33    1082    (-,-) 
  SUB_TC_OP_6_Y_SUB_TC_OP_5_Y_SUB_TC_OP_4_Y_SUB_TC_OP_3_Y_SUB_TC_OP_2_Y_SUB_TC_OP_1_Y_SUB_TC_OP40_Y_ADD_TC_OP39_g2767/CO -       CI->CO F     ADDFX1         1  0.8    10    33    1114    (-,-) 
  SUB_TC_OP_6_Y_SUB_TC_OP_5_Y_SUB_TC_OP_4_Y_SUB_TC_OP_3_Y_SUB_TC_OP_2_Y_SUB_TC_OP_1_Y_SUB_TC_OP40_Y_ADD_TC_OP39_g2766/CO -       CI->CO F     ADDFX1         1  0.8    10    33    1147    (-,-) 
  SUB_TC_OP_6_Y_SUB_TC_OP_5_Y_SUB_TC_OP_4_Y_SUB_TC_OP_3_Y_SUB_TC_OP_2_Y_SUB_TC_OP_1_Y_SUB_TC_OP40_Y_ADD_TC_OP39_g2765/CO -       CI->CO F     ADDFX1         1  0.8    10    33    1180    (-,-) 
  SUB_TC_OP_6_Y_SUB_TC_OP_5_Y_SUB_TC_OP_4_Y_SUB_TC_OP_3_Y_SUB_TC_OP_2_Y_SUB_TC_OP_1_Y_SUB_TC_OP40_Y_ADD_TC_OP39_g2764/CO -       CI->CO F     ADDFX1         1  0.8    10    33    1213    (-,-) 
  SUB_TC_OP_6_Y_SUB_TC_OP_5_Y_SUB_TC_OP_4_Y_SUB_TC_OP_3_Y_SUB_TC_OP_2_Y_SUB_TC_OP_1_Y_SUB_TC_OP40_Y_ADD_TC_OP39_g2763/CO -       CI->CO F     ADDFX1         1  0.8    10    33    1246    (-,-) 
  SUB_TC_OP_6_Y_SUB_TC_OP_5_Y_SUB_TC_OP_4_Y_SUB_TC_OP_3_Y_SUB_TC_OP_2_Y_SUB_TC_OP_1_Y_SUB_TC_OP40_Y_ADD_TC_OP39_g2762/CO -       CI->CO F     ADDFX1         1  0.8    10    33    1278    (-,-) 
  SUB_TC_OP_6_Y_SUB_TC_OP_5_Y_SUB_TC_OP_4_Y_SUB_TC_OP_3_Y_SUB_TC_OP_2_Y_SUB_TC_OP_1_Y_SUB_TC_OP40_Y_ADD_TC_OP39_g2761/CO -       CI->CO F     ADDFX1         1  0.8    10    33    1311    (-,-) 
  SUB_TC_OP_6_Y_SUB_TC_OP_5_Y_SUB_TC_OP_4_Y_SUB_TC_OP_3_Y_SUB_TC_OP_2_Y_SUB_TC_OP_1_Y_SUB_TC_OP40_Y_ADD_TC_OP39_g2760/CO -       CI->CO F     ADDFX1         1  0.8    10    33    1344    (-,-) 
  SUB_TC_OP_6_Y_SUB_TC_OP_5_Y_SUB_TC_OP_4_Y_SUB_TC_OP_3_Y_SUB_TC_OP_2_Y_SUB_TC_OP_1_Y_SUB_TC_OP40_Y_ADD_TC_OP39_g2759/CO -       CI->CO F     ADDFX1         1  0.8    10    33    1377    (-,-) 
  SUB_TC_OP_6_Y_SUB_TC_OP_5_Y_SUB_TC_OP_4_Y_SUB_TC_OP_3_Y_SUB_TC_OP_2_Y_SUB_TC_OP_1_Y_SUB_TC_OP40_Y_ADD_TC_OP39_g2758/CO -       CI->CO F     ADDFX1         1  0.8    10    33    1410    (-,-) 
  SUB_TC_OP_6_Y_SUB_TC_OP_5_Y_SUB_TC_OP_4_Y_SUB_TC_OP_3_Y_SUB_TC_OP_2_Y_SUB_TC_OP_1_Y_SUB_TC_OP40_Y_ADD_TC_OP39_g2757/CO -       CI->CO F     ADDFX1         1  0.8    10    33    1442    (-,-) 
  SUB_TC_OP_6_Y_SUB_TC_OP_5_Y_SUB_TC_OP_4_Y_SUB_TC_OP_3_Y_SUB_TC_OP_2_Y_SUB_TC_OP_1_Y_SUB_TC_OP40_Y_ADD_TC_OP39_g2756/CO -       CI->CO F     ADDFX1         1  0.8    10    33    1475    (-,-) 
  SUB_TC_OP_6_Y_SUB_TC_OP_5_Y_SUB_TC_OP_4_Y_SUB_TC_OP_3_Y_SUB_TC_OP_2_Y_SUB_TC_OP_1_Y_SUB_TC_OP40_Y_ADD_TC_OP39_g2755/CO -       CI->CO F     ADDFX1         1  0.8    10    33    1508    (-,-) 
  SUB_TC_OP_6_Y_SUB_TC_OP_5_Y_SUB_TC_OP_4_Y_SUB_TC_OP_3_Y_SUB_TC_OP_2_Y_SUB_TC_OP_1_Y_SUB_TC_OP40_Y_ADD_TC_OP39_g2754/CO -       CI->CO F     ADDFX1         1  0.8    10    33    1541    (-,-) 
  SUB_TC_OP_6_Y_SUB_TC_OP_5_Y_SUB_TC_OP_4_Y_SUB_TC_OP_3_Y_SUB_TC_OP_2_Y_SUB_TC_OP_1_Y_SUB_TC_OP40_Y_ADD_TC_OP39_g2753/CO -       CI->CO F     ADDFX1         1  0.8    10    33    1574    (-,-) 
  SUB_TC_OP_6_Y_SUB_TC_OP_5_Y_SUB_TC_OP_4_Y_SUB_TC_OP_3_Y_SUB_TC_OP_2_Y_SUB_TC_OP_1_Y_SUB_TC_OP40_Y_ADD_TC_OP39_g2752/CO -       CI->CO F     ADDFX1         1  0.8    10    33    1606    (-,-) 
  SUB_TC_OP_6_Y_SUB_TC_OP_5_Y_SUB_TC_OP_4_Y_SUB_TC_OP_3_Y_SUB_TC_OP_2_Y_SUB_TC_OP_1_Y_SUB_TC_OP40_Y_ADD_TC_OP39_g2751/CO -       CI->CO F     ADDFX1         1  0.8    10    33    1639    (-,-) 
  SUB_TC_OP_6_Y_SUB_TC_OP_5_Y_SUB_TC_OP_4_Y_SUB_TC_OP_3_Y_SUB_TC_OP_2_Y_SUB_TC_OP_1_Y_SUB_TC_OP40_Y_ADD_TC_OP39_g2750/CO -       CI->CO F     ADDFX1         1  0.8    10    33    1672    (-,-) 
  SUB_TC_OP_6_Y_SUB_TC_OP_5_Y_SUB_TC_OP_4_Y_SUB_TC_OP_3_Y_SUB_TC_OP_2_Y_SUB_TC_OP_1_Y_SUB_TC_OP40_Y_ADD_TC_OP39_g2749/CO -       CI->CO F     ADDFX1         1  0.8    10    33    1705    (-,-) 
  SUB_TC_OP_6_Y_SUB_TC_OP_5_Y_SUB_TC_OP_4_Y_SUB_TC_OP_3_Y_SUB_TC_OP_2_Y_SUB_TC_OP_1_Y_SUB_TC_OP40_Y_ADD_TC_OP39_g2748/S  -       CI->S  F     ADDFX1         2  0.6     9    38    1743    (-,-) 
  g18523/Y                                                                                                               -       D->Y   F     OR4X1          1  0.2     9    37    1780    (-,-) 
  g18522/Y                                                                                                               -       D->Y   F     OR4X1          1  0.4    10    37    1818    (-,-) 
  g18521/Y                                                                                                               -       D->Y   R     NOR4X1         1  0.3    24    14    1832    (-,-) 
  g18520/Y                                                                                                               -       B->Y   F     NAND2XL        1  0.4    13    15    1847    (-,-) 
  g18519/Y                                                                                                               -       D->Y   R     NOR4X1         1  0.3    24    15    1862    (-,-) 
  g18518/Y                                                                                                               -       B->Y   F     NAND2BXL       1  0.2    10    13    1875    (-,-) 
  g18517/Y                                                                                                               -       D->Y   F     OR4X1          1  0.4    10    38    1913    (-,-) 
  g18516/Y                                                                                                               -       D->Y   R     NOR4X1         1  0.5    28    16    1929    (-,-) 
  g18515/Y                                                                                                               -       B->Y   F     NAND2BX1       2  0.6    14    15    1945    (-,-) 
  g18513/Y                                                                                                               -       A1N->Y F     OAI2BB1X1      1  0.3     9    17    1962    (-,-) 
  g18512/Y                                                                                                               -       A1N->Y F     OAI2BB1X1      1  0.5    10    18    1979    (-,-) 
  g18509/Y                                                                                                               -       A2->Y  R     OAI31X1        1  0.3    25    16    1996    (-,-) 
  g18508/Y                                                                                                               -       B->Y   R     MX2X1         55 25.5   143   102    2098    (-,-) 
  data_memory/g1305369/Y                                                                                                 -       A->Y   F     INVX2         25 11.6    58    46    2144    (-,-) 
  data_memory/g1305319/Y                                                                                                 -       B->Y   R     NAND2X1        8  4.0    37    28    2172    (-,-) 
  data_memory/g1305047/Y                                                                                                 -       B->Y   F     NOR2X1         8  4.0    30    23    2195    (-,-) 
  data_memory/g1298804__4733/Y                                                                                           -       B1->Y  R     AOI222X1       1  0.5    36    33    2228    (-,-) 
  data_memory/g1298779__2883/Y                                                                                           -       C0->Y  F     OAI211X1       1  0.4    25    26    2253    (-,-) 
  data_memory/g1298760__4319/Y                                                                                           -       C0->Y  R     AOI221X1       1  0.5    30    24    2277    (-,-) 
  data_memory/g1298737__2802/Y                                                                                           -       C0->Y  F     OAI211X1       3  1.0    32    28    2305    (-,-) 
  data_memory/g1298733/Y                                                                                                 -       A->Y   R     INVXL          1  0.3     9    12    2317    (-,-) 
  data_memory/g1298717__4733/Y                                                                                           -       A1->Y  F     OAI22XL        1  0.4    21    17    2334    (-,-) 
  data_memory/g1298705__6783/Y                                                                                           -       C0->Y  R     AOI221X1       1  0.5    28    23    2357    (-,-) 
  data_memory/g1298691__2883/Y                                                                                           -       B->Y   F     NAND2X1        1  0.5    13    15    2372    (-,-) 
  g18142/Y                                                                                                               -       A1->Y  R     AOI22X1        1  0.5    44    18    2390    (-,-) 
  g18116/Y                                                                                                               -       C->Y   F     NAND3X1       32 15.5   216   134    2523    (-,-) 
  registers_reg_cell_reg[31][9]/SI                                                                                       <<<     -      F     SDFFRHQX1     32    -     -     0    2523    (-,-) 
#------------------------------------------------------------------------------------------------------------------------------------------------------------------------------------------------

