============================================================
  Generated by:           Genus(TM) Synthesis Solution 22.16-s078_1
  Generated on:           Mar 18 2026  08:00:34 pm
  Module:                 RISC_V
  Operating conditions:   PVT_1P32V_0C (balanced_tree)
  Wireload mode:          enclosed
  Area mode:              timing library
============================================================

	Timing
	------

 Slack              Endpoint             Cost Group 
---------------------------------------------------------
+2281ps registers_reg_cell_reg[31][9]/SI clk        


	Area
	----

Instance Module  Cell Count  Cell Area  Net Area   Total Area   Wireload  
--------------------------------------------------------------------------
RISC_V                52370 146359.926     0.000   146359.926 <none> (D)  
  (D) = wireload is default in technology library

	Design Rule Check
	-----------------

Max_transition design rule: no violations.

Max_capacitance design rule: no violations.



