Cadence Genus(TM) Synthesis Solution.
Copyright 2024 Cadence Design Systems, Inc. All rights reserved worldwide.
Cadence and the Cadence logo are registered trademarks and Genus is a trademark
of Cadence Design Systems, Inc. in the United States and other countries.

[19:13:43.360361] Configured Lic search path (22.01-s003): 5280@192.168.2.250

Version: 22.16-s078_1, built Mon Jun 10 10:32:57 PDT 2024
Options: genus_script 
Date:    Wed Mar 18 19:13:43 2026
Host:    saitama (x86_64 w/Linux 4.18.0-553.el8_10.x86_64) (1core*36cpus*71physical cpus*INTEL(R) XEON(R) GOLD 6542Y 61440KB) (428744744KB)
PID:     2308118
OS:      Red Hat Enterprise Linux Server release 7.9 (Maipo)

Checking out license: Genus_Synthesis
[19:13:43.495176] Periodic Lic check successful
[19:13:43.495177] Feature usage summary:
[19:13:43.495177] Genus_Synthesis

missing close-brace: possible unbalanced brace in comment
    while executing
"set HDL_FILES {"
    (file "genus_script" line 7)
Abnormal exit.
